// Jest Snapshot v1, https://goo.gl/fbAQLP

exports[`CustomHeader renders correctly 1`] = `
<View
  style={
    {
      "backgroundColor": "#141831",
      "padding": 30,
    }
  }
>
  <View
    accessibilityState={
      {
        "busy": undefined,
        "checked": undefined,
        "disabled": undefined,
        "expanded": undefined,
        "selected": undefined,
      }
    }
    accessibilityValue={
      {
        "max": undefined,
        "min": undefined,
        "now": undefined,
        "text": undefined,
      }
    }
    accessible={true}
    collapsable={false}
    focusable={false}
    onClick={[Function]}
    onResponderGrant={[Function]}
    onResponderMove={[Function]}
    onResponderRelease={[Function]}
    onResponderTerminate={[Function]}
    onResponderTerminationRequest={[Function]}
    onStartShouldSetResponder={[Function]}
    style={
      {
        "opacity": 1,
      }
    }
  >
    <Image
      source={
        {
          "testUri": "../../../src/assets/images/arrow.png",
        }
      }
      style={
        {
          "height": 39.42857142857143,
          "tintColor": "#FFFFFF",
          "width": 48,
        }
      }
    />
  </View>
</View>
`;
