// Jest Snapshot v1, https://goo.gl/fbAQLP

exports[`App renders correctly 1`] = `
<mocked-Navigator
  screenOptions={
    {
      "headerShown": false,
    }
  }
>
  <mocked-Screen
    component={[Function]}
    name="Home"
  />
  <mocked-Screen
    component={[Function]}
    name="WebView"
    options={
      {
        "gestureEnabled": true,
        "headerShown": false,
      }
    }
  />
</mocked-Navigator>
`;
